D3HOM         Version  8/13/2001
X-axis: PSDRR1
Y-axis: PSDRR1
SIMILARITY RANGE:  10      MIN.PERCENT SIMILARITY:  60
SCALE FACTOR:    0.95      COMPRESSION:             10

              100       200       300       400       500       600       700

       C        .         .         .         .         .         .         .
        A       .         .         .         .         .         .         .
         A      .         .         .         .         .         .         .
          A     .         .         .         .         .         .         .
           AS   .         .         .         .         .         .         .
           SA   .         .         .         .         .    SR  O.         .
             A  .         .         . T       .         .     RQ OR         .
              A .         .         .         .         .      S  UU        .
               A.       T .   USU   .         . S   S   .         .     T   .
   100 .........A.............O..............................................
                .A        .   TR    .         .         .         .    SR   .
                . A       .         .         .  T      .         .         .
                .  A      .         .         .         SU        .         .
                .   A     .    Q    .         .         .         .         .
                .    A    .    Q   UQ         .         .         .         .
                .     A   .         .         .         .         .         .
                .      A  .         .         .         .         .         .
               T.       A . US      .         .         .         .         .
                .        A.         .         .         .    T    .         .
   200 ...................A..................................................
                .         .A        .  T      .   T     .         .         .
                .       U . A       .  T      T   QS    .         .         .
                .       S .  A      .         .R        .         .         .
               UOT        .   A     .         .         .         .         .
               S.R  QQ    .    A    .         .         .         .         .
               U.         .     A   .         .         .         .     SS  .
                .         .      A  .         .         .         .         .
                .         .       A .         .         .         .         .
                .    U    .        A.         .         .         .         .
   300 ..............Q..............A..............................Q.........
                .         .         .A        .         .   P     .S        .
             T  .         .         . A       .         .   Q     .         .
                .         .TT       .  A      .         .         .         .
                .         .         .   A     .         .         .         .
                .         .         .    A    .         .         .         .
                .         .         .     A   .         .         .         .
                .         .         .      A  .         .         .         .
                .         .         .       A .         .         .         .
                .         .         .        A.         .         .         .
   400 .....................T.................A..............................
                .         .  R      .         .A      S .         .         .
               S.         .         .         . A       .         .      U  .
                . T       .         .         .  A      .         .         .
                .         .TQ       .         .   A     .         .         .
                .         . S       .         .    A    .         .         .
               S.         .         .         .     A   .         .         .
                .         .         .         .      A  .         .         .
                .         .         .         .S      A .         .         .
                .         .         .         .        A.         .         .
   500 ............S....................................A....................
                .  U      .         .         .         .A        .         .
                .         .         .         .         . A       .  U      .
                .         .         .         .         .  A      .         .
                .         .         .PQ       .         .   A     .         .
            S   .        T.         .         .         .    A  JI.         .
            RR  .         .         .         .         .     A  P.      U  .
             QS .         .         .         .         .      A  .      S  .
                .         .         .         .         .    J  A .         .
            OO  .         .         .         .         .    IP  A.         .
   600 ......RU...................................................A..........
              U .         .         QS        .         .         .A        .
                .         .         .         .         .         . A       .
                .         .         .         .         . U       .  AQQ    .
                .         .         .         .         .         .  QANS   .
                .S        .         .         .         .         .  QNA    .
               T.R        .     S   .         .         .         .   S A   .
                .         .     S   .         . U       .     US  .      A  .
                .         .         .         .         .         .       A .
                .         .         .         .         .         .        A.
   700 .....................................................................A
            S   .         .         .         .         .    U   S.         .
           T    .         .         .         .         .         .         .
                .         .         .         .         .         .        Q.

       

                .         .         .         .         .         .         .
                .         .         .         .         .         .         .
                .         .         .         .         .         .         .
                .         .         .         .         .         .         .
        T       .         .         .         .         .         .         .
       S        .         .         .         .         .         .         .
                .         .         .         .         .         .         .
                .         .         .         .         .         .         .
                .         .         .         .         .         .         .
   100 ......................................................................
                .         .         .         .         .         .         .
                .         .         .         .         .         .         .
                .         .         .         .         .         .         .
                .         .         .         .         .         .         .
                .         .         .         .         .         .         .
                .         .         .         .         .         .         .
                .         .         .         .         .         .         .
                .         .         .         .         .         .         .
                .         .         .         .         .         .         .
   200 ......................................................................
                .         .         .         .         .         .         .
                .         .         .         .         .         .         .
                .         .         .         .         .         .         .
                .         .         .         .         .         .         .
                .         .         .         .         .         .         .
                .         .         .         .         .         .         .
                .         .         .         .         .         .         .
                .         .         .         .         .         .         .
                .         .         .         .         .         .         .
   300 ......................................................................
                .         .         .         .         .         .         .
                .         .         .         .         .         .         .
                .         .         .         .         .         .         .
                .         .         .         .         .         .         .
                .         .         .         .         .         .         .
                .         .         .         .         .         .         .
                .         .         .         .         .         .         .
                .         .         .         .         .         .         .
                .         .         .         .         .         .         .
   400 ......................................................................
                .         .         .         .         .         .         .
                .         .         .         .         .         .         .
                .         .         .         .         .         .         .
                .         .         .         .         .         .         .
                .         .         .         .         .         .         .
                .         .         .         .         .         .         .
                .         .         .         .         .         .         .
                .         .         .         .         .         .         .
                .         .         .         .         .         .         .
   500 ......................................................................
                .         .         .         .         .         .         .
                .         .         .         .         .         .         .
                .         .         .         .         .         .         .
                .         .         .         .         .         .         .
       U        .         .         .         .         .         .         .
                .         .         .         .         .         .         .
                .         .         .         .         .         .         .
                .         .         .         .         .         .         .
       S        .         .         .         .         .         .         .
   600 ......................................................................
                .         .         .         .         .         .         .
                .         .         .         .         .         .         .
                .         .         .         .         .         .         .
                .         .         .         .         .         .         .
                .         .         .         .         .         .         .
                .         .         .         .         .         .         .
                .         .         .         .         .         .         .
                .         .         .         .         .         .         .
         Q      .         .         .         .         .         .         .
   700 ......................................................................
       ASR      .         .         .         .         .         .         .
       SAS      .         .         .         .         .         .         .
       RSA      .         .         .         .         .         .         .


