P1HOM         Version  5/13/91
X-axis: pI39
Y-axis: pI39
SIMILARITY RANGE:  10      MIN.PERCENT SIMILARITY:  50
SCALE FACTOR:    0.90      COMPRESSION:              5

               50

       L        .         .         .         .         .         .         .
        C       .         .         .         .         .         .         .
         A      .         .         .         .         .         .         .
          A     .         .         .         .         .         .         .
           A    .         .         .         .         .         .         .
            A   .         .         .         .         .         .         .
             A  .         .         .         .         .         .         .
              A .         .         .         .         .         .         .
               A.         .         .         .         .         .         .
    50 .........A............................................................
                .A        .         .         .         .         .         .
                . A       .         .         .         .         .         .
                .  A      .         .         .         .         .         .
                .   D     .         .         .         .         .         .


