D4HOM         Version  8/13/2001
X-axis: PSDRR1
Y-axis: PSDRR1
SIMILARITY RANGE:  10      MIN.PERCENT SIMILARITY:  60
SCALE FACTOR:    0.95      COMPRESSION:             10

              100       200       300       400       500       600       700

       A        .         .         .         .         .         .         .
        A       .         .         .         .         .         .         .
         A      .         .         .         .         .         .         .
          A     .         .         .         .         .         .         .
           A    .         .         .         .         .         .         .
            A   .         .         .         .         .     R  O.         .
             A  .         .         .         .         .      R O.         .
              A .         .   T     .         .         .         T    U    .
               A.      U  .   US    .         .     R   .         .         .
   100 .........A.............P........................................Q.....
                .A        .   R     .         .         .         .    QS   .
                . A       .         .         .  T      .         .         .
                .  A      .         .         .         .         .         .
                .   A     .    P   T.         .         .         .         .
                .    A    .         R         .         .         .         .
                .     A   .         .         .         .         .         .
               U.      A  .         .         .         .         .         .
                .       A . SQ      .         .         .         .         .
                .        A.         .         .         .         .         .
   200 ...................A..................................................
                .         .A        .  S      .   S     .         .         .
                .       S . A       .   U     S   R     .         .         .
                .       Q .  A      .         .         .         .         .
              TUPR        .   A     .         .         .         .         .
               S.   P     .    A    .         .         .         .         .
                .         .     A   .         .         .         .         .
                .         .      A  .         .         .         .         .
                .         .       A .         .         .         .         .
                .   T     .        A.         .         .         .         .
   300 ..............R..............A..............................Q.........
                .         .         .A        .         .   O     .S        .
                .         .         . A       .         .         .         .
                .         .S        .  A      .         .         .         .
                .         . U       .   A     .         .         .       U .
                .         .         .    A    .         .         .         .
                .         .         .     A   .         .         .         .
                .         .         .      A  .         .         .         .
                .         .         .       A .         .         .         .
                .         .         .        A.         .         .         .
   400 .....................S.................A..............................
                .         .         .         .A      Q .         .         .
                .         .         .         . A       .         .      T  .
                . T       .         .         .  A      .         .         .
                .         .SR       .         .   A     .         .         .
                .         .         .         .    A    .         .         .
               R.         .         .         .     A   .         .         .
                .         .         .         .      A  .         .         .
                .         .         .         .Q      A .         .         .
                .         .         .         .        A.         .         .
   500 .................................................A....................
                .         .         .         .         .A        .         .
                .         .         .         .         . A       .         .
                .         .         .         .         .  A      .         .
                .         .         .O        .         .   A     .         .
                .         .         .         .         .    A  HJ.         .
            R   .         .         .         .         .     A  Q.      T  .
             R  .         .         .         .         .      A  U      R  .
                .         .         .         .         .    H  A .         .
            OO  .         .         .         .         .    JQ  A.         .
   600 .......T................................................U..A..........
                .         .         QS        .         .         .A        .
                .         .         .         .         .         . A       .
                .         .         .         .         .         .  AOP    .
                .         .         .         .         .         .  OAO    .
              U QQ        .         .         .         .         .  POA    .
                .S        .         .         .         .         .     A   .
                .         .         .         . T       .     TR  .      A  .
                .         .         .   U     .         .         .       A .
                .         .         .         .         .         .        A.
   700 .....................................................................A
           UR   .         .         .         .         .    T   R.         .
                .         .         .         .         .        U.        U.
                .         .         .         .         .         .        R.
D4HOM         Version  8/13/2001
X-axis: PSDRR1
Y-axis: PSDRR1
SIMILARITY RANGE:  10      MIN.PERCENT SIMILARITY:  60
SCALE FACTOR:    0.95      COMPRESSION:             10

       

                .         .         .         .         .         .         .
                .         .         .         .         .         .         .
                .         .         .         .         .         .         .
                .         .         .         .         .         .         .
       U        .         .         .         .         .         .         .
       R        .         .         .         .         .         .         .
                .         .         .         .         .         .         .
                .         .         .         .         .         .         .
                .         .         .         .         .         .         .
   100 ......................................................................
                .         .         .         .         .         .         .
                .         .         .         .         .         .         .
                .         .         .         .         .         .         .
                .         .         .         .         .         .         .
                .         .         .         .         .         .         .
                .         .         .         .         .         .         .
                .         .         .         .         .         .         .
                .         .         .         .         .         .         .
                .         .         .         .         .         .         .
   200 ......................................................................
                .         .         .         .         .         .         .
                .         .         .         .         .         .         .
                .         .         .         .         .         .         .
                .         .         .         .         .         .         .
                .         .         .         .         .         .         .
                .         .         .         .         .         .         .
                .         .         .         .         .         .         .
                .         .         .         .         .         .         .
                .         .         .         .         .         .         .
   300 ......................................................................
                .         .         .         .         .         .         .
                .         .         .         .         .         .         .
                .         .         .         .         .         .         .
                .         .         .         .         .         .         .
                .         .         .         .         .         .         .
                .         .         .         .         .         .         .
                .         .         .         .         .         .         .
                .         .         .         .         .         .         .
                .         .         .         .         .         .         .
   400 ......................................................................
                .         .         .         .         .         .         .
                .         .         .         .         .         .         .
                .         .         .         .         .         .         .
                .         .         .         .         .         .         .
                .         .         .         .         .         .         .
                .         .         .         .         .         .         .
                .         .         .         .         .         .         .
                .         .         .         .         .         .         .
                .         .         .         .         .         .         .
   500 ......................................................................
                .         .         .         .         .         .         .
                .         .         .         .         .         .         .
                .         .         .         .         .         .         .
                .         .         .         .         .         .         .
       T        .         .         .         .         .         .         .
                .         .         .         .         .         .         .
                .         .         .         .         .         .         .
                .         .         .         .         .         .         .
       RU       .         .         .         .         .         .         .
   600 ......................................................................
                .         .         .         .         .         .         .
                .         .         .         .         .         .         .
                .         .         .         .         .         .         .
                .         .         .         .         .         .         .
                .         .         .         .         .         .         .
                .         .         .         .         .         .         .
                .         .         .         .         .         .         .
                .         .         .         .         .         .         .
        UR      .         .         .         .         .         .         .
   700 ......................................................................
       AR       .         .         .         .         .         .         .
       RAR      .         .         .         .         .         .         .
        RA      .         .         .         .         .         .         .
