>PEADRRA - Pea (P.sativum) disease resistance response protei
tacacaactaggcaagcaatttcttagttctttctcacactttagcaatataaaacaata
tcatcatgggtgtttttaatgttgaagatgaaatcacttctgttgtagcacctgctatac
tctacaaagctctagttacagatgctgacactcttactccaaaggttattgatgccatca
aaagtatcgaaattgttgaaggaaacggaggtgctggaaccatcaagaaactcactttcg
ttgaagatggtgaaaccaaacatgtgttgcacaaagtggagttagtagatgttgctaact
tggcttacaactatagcatagttggtggtgttggatttccagacacagttgagaagatct
catttgaggctaaactgtctgcaggaccaaatggaggatccattgcaaagctgagtgtga
aatattacacaaaaggtgatgctgctgctcctactgaagagcaactcaagagtgacaaag
ctaagggtgatggtcttttcaaggctcttgagcgttactgtttggctcatcctgattaca
actaaactatataatcatcaacaagtgtgtgttgttatgtatactatataatcatcatgt
gtgcttaatttggctgccaatgtaatccccctgttttgttttttccctttcccttttctt
tgtggactaaaagtgtgagattgtaagtcatgtatacctctccttcaataaattataatc
atttatat
>PEADRRB - Pea (P.sativum) disease resistance response protei
gtttttgtgatgttgtttgctttaagttcagcaattccaaacaagagaaagccatataaa
ccatgcaaaaacctagtcttttattttcatgacatactttacaatggaaagaatgcagca
aatgcaacatcagcaatagtagcagctccagaaggtgttagtttaactaaattggcacct
caatcccactttggtaacataatagtttttgatgaccctatcacattaagccatagcctt
tcttcaaaacaagttggaagagcacaagggttttatatttatgataccaaaaacacatac
acttcttggcttagtttcacttttgttcttaatagcactcatcatcaaggaaccattact
tttgctggagctgacccaattgtcgccaaaactagagatatttctgtcactggtggtact
ggagatttctttatgcatagaggaattgctactattaccactgatgcctttgaaggcgag
gcttattttcgacttggtgtttatatcaagttctttgagtgttggtaactatcaaattaa
gtactacttactataataaaagcaattaaatttgaagttaaattattgttgtct
>PEADRRG - Pea disease resistance response protein (DRRG49-c)
gtcgacacatatgtaaacaggtcggcctatagtaaatctaataaatcctcaagatatatg
taactactaatcttgatgtcaacatttctccacacatcttgatttgactcaccagtcttg
ttaccctagtgaagaaatcaacgatgctttcaccttcttgttcctcactcgttactagag
tgattcaaccacaccttgattggaaaatggtttcacctcacaatgatttgaaaagaaaag
aattatgtgaaagtgaattgagaaagataagagaaattaggatttagggagaaagagaag
aagattgatcaaattctgcagattttctctttgtgttttattccaactgaacttccattc
tttttaactactttacaacagtaagttacctcgctatttatagatgatattacttacaca
cctagtaatctcgaactaattcaactaataaatactaatttttaactttgacgaggttaa
ctccttcgacaactacttacttcaattgtttaagactatattcgactattaatttatcga
atacattcgactttgactttattgaatcttacatacatgcttaacacaaataattacata
tttaacttttttttttctccatctctctttactatattaaataatgtgaaataatataaa
tactgtttaacatgttttatttcaatatcccaatactgacctcaaactcaaaatttagaa
gaaaaaagaactagcaacaacataatttgtatgaatagacgtaacctagtttttcacaaa
ataaccagttaaatttaactgtttatatatttaagtgataatcatttatctcggattctt
tactcgacacaaatgagttaagatgagtatatgttagttttggtaaaaaatgtataattt
agttagatatatgtttaatttgagtaggatatgttggcacgcacgaaccaaatacgtata
ggaacgtggataaaaataatactattgaccaaatgcatatcagaacgtgaatacaaaatg
gtccagcgacttggtattaatagctatacaatgcatcttcatttcttataaatagaactt
caactccactcgtaaatcacacagctaggcaagcaccttcttatttatagcattataaat
catcattatcatgggtgttttcaattttgaggaagaagccacttccattgtagctcctgc
tacacttcacaaagctctggttacagatgctgacattcttactccaaaggttattgatgc
catcaaaagtattgaaattgttgaaggaaacggtggccccggaaccatcaagaaactcac
tttcgttgaaggtcagtattagaatattcttttcatgatatatcattattactagtatta
ttgtttatgattgtgaaatgaatcaattgtgtgttgcagacggtgaaaccaagtatgtgt
tacacaaagtggagttagtagatgatgctaactgggcaaacaactacagcatagttggag
gtgttggacttccggacacagttgagaagatctcgtttgaggctaaattgtctgcaggac
caaatggaggatccattgcaaagctgagtgtgaaatattataccaaaggtgatgctattc
ctagtgaagaggaaatcaagaatggcaaagccaaaggtgaaggtattttcaaggctcttg
aaggttactgtgtggctaatcctgattacaactaaaaaatttaattaagtgagtgcttgt
tttattatggtgtgttatgacacattttattgcatctgtcggcttaatttgttttcttat
ttttctttcttttccctttcctattgttgaggaagtgtgagtttgagattgtaagtcatg
tttgtaccacgttttaagaaattataataatacgtatgttcttttttatatatttttttt
tctctagaaaatattgttactaaaacaaaattgttactaaaaaacatttaaaatattggt
agggatttgataccaccaatgtaaaccattgaaatgaagatccaaaacgtgactactttg
attgttttggtaataaaataaaaaatttcaatcacaccaaaaaaatttaatttgtatata
actaaaataaataatcttctacagaacaataacaagataaaatacaaaaaaacacaataa
tttgtgtactcagttcgatcaaaaaaatctactctaaaggtaagaaaaactctgagtcat
tatacttcctattgtgggccgaccaaagtcaatccaagagtccaaccagagtcagaccaa
tcaaggatcc