


        TESTCODE          Version   8/13/2001

          
          WINDOW=   67          SKIP=   10

                         NON-CODING            NO OPINION        CODING

       0.0       0.2       0.4       0.6       0.8       1.0       1.2       1.4
          ---------+---------+---------+---------+---------+---------+---------+
       97|===================================================                   
      127|===================================================                   
      157|==================================================                    
      187|=================================================                     
      217|====================================================                  
      247|===================================================                   
      277|=================================================                     
      307|================================================                      
      337|==============================================|                       
      367|=================================================                     
      397|==================================================                    
      427|====================================================                  
      457|==================================================                    
      487|=================================================                     
      517|======================================        |                       
      547|=======================================       |                       
      577|==============================      |         |                       
      607|=========================           |         |                       


