>PEADRRA:CDS1
atgggtgtttttaatgttgaagatgaaatcacttctgttgtagcacctgc
tatactctacaaagctctagttacagatgctgacactcttactccaaagg
ttattgatgccatcaaaagtatcgaaattgttgaaggaaacggaggtgct
ggaaccatcaagaaactcactttcgttgaagatggtgaaaccaaacatgt
gttgcacaaagtggagttagtagatgttgctaacttggcttacaactata
gcatagttggtggtgttggatttccagacacagttgagaagatctcattt
gaggctaaactgtctgcaggaccaaatggaggatccattgcaaagctgag
tgtgaaatattacacaaaaggtgatgctgctgctcctactgaagagcaac
tcaagagtgacaaagctaagggtgatggtcttttcaaggctcttgagcgt
tactgtttggctcatcctgattacaactaa
>PEADRRB:CDS1
gtttttgtgatgttgtttgctttaagttcagcaattccaaacaagagaaa
gccatataaaccatgcaaaaacctagtcttttattttcatgacatacttt
acaatggaaagaatgcagcaaatgcaacatcagcaatagtagcagctcca
gaaggtgttagtttaactaaattggcacctcaatcccactttggtaacat
aatagtttttgatgaccctatcacattaagccatagcctttcttcaaaac
aagttggaagagcacaagggttttatatttatgataccaaaaacacatac
acttcttggcttagtttcacttttgttcttaatagcactcatcatcaagg
aaccattacttttgctggagctgacccaattgtcgccaaaactagagata
tttctgtcactggtggtactggagatttctttatgcatagaggaattgct
actattaccactgatgcctttgaaggcgaggcttattttcgacttggtgt
ttatatcaagttctttgagtgttggtaa
>PEADRRG:CDS1
atgggtgttttcaattttgaggaagaagccacttccattgtagctcctgc
tacacttcacaaagctctggttacagatgctgacattcttactccaaagg
ttattgatgccatcaaaagtattgaaattgttgaaggaaacggtggcccc
ggaaccatcaagaaactcactttcgttgaag
acggtgaaaccaagtatgtgttacacaaagtggagttagtagatgatgct
aactgggcaaacaactacagcatagttggaggtgttggacttccggacac
agttgagaagatctcgtttgaggctaaattgtctgcaggaccaaatggag
gatccattgcaaagctgagtgtgaaatattataccaaaggtgatgctatt
cctagtgaagaggaaatcaagaatggcaaagccaaaggtgaaggtatttt
caaggctcttgaaggttactgtgtggctaatcctgattacaactaa
